{
  "serializationFormatVersion": "2023.1",
  "languages": [
    {
      "key": "TestLanguage",
      "version": "0"
    }
  ],
  "nodes": [
    {
      "id": "foo",
      "classifier": {
        "language": "TestLanguage",
        "version": "0",
        "key": "DatatypeTestConcept"
      },
      "properties": [],
      "containments": [],
      "references": [],
      "annotations": [],
      "parent": null
    }
  ]
}
